../Core/Src/lcd_spi_169.c:67:6:HAL_SPI_MspInit	64	static
../Core/Src/lcd_spi_169.c:132:6:MX_SPI5_Init	4	static
../Core/Src/lcd_spi_169.c:172:7:LCD_WriteCommand	16	static
../Core/Src/lcd_spi_169.c:188:7:LCD_WriteData_8bit	16	static
../Core/Src/lcd_spi_169.c:204:7:LCD_WriteData_16bit	16	static
../Core/Src/lcd_spi_169.c:224:7:LCD_WriteBuff	16	static
../Core/Src/lcd_spi_169.c:353:6:LCD_SetAddress	40	static
../Core/Src/lcd_spi_169.c:386:6:LCD_SetColor	0	static
../Core/Src/lcd_spi_169.c:409:6:LCD_SetBackColor	0	static
../Core/Src/lcd_spi_169.c:432:6:LCD_SetDirection	24	static
../Core/Src/lcd_spi_169.c:486:6:LCD_SetAsciiFont	0	static
../Core/Src/lcd_spi_169.c:563:6:LCD_DrawPoint	16	static
../Core/Src/lcd_spi_169.c:586:6:LCD_DisplayChar	48	static
../Core/Src/lcd_spi_169.c:636:6:LCD_DisplayString	24	static
../Core/Src/lcd_spi_169.c:661:6:LCD_SetTextFont	0	static
../Core/Src/lcd_spi_169.c:690:6:LCD_DisplayChinese	48	static
../Core/Src/lcd_spi_169.c:755:6:LCD_DisplayText	24	static
../Core/Src/lcd_spi_169.c:787:6:LCD_ShowNumMode	0	static
../Core/Src/lcd_spi_169.c:810:7:LCD_DisplayNumber	40	static
../Core/Src/lcd_spi_169.c:851:7:LCD_DisplayDecimals	56	static
../Core/Src/lcd_spi_169.c:885:6:LCD_DrawLine	64	static
../Core/Src/lcd_spi_169.c:966:6:LCD_DrawLine_V	24	static
../Core/Src/lcd_spi_169.c:994:6:LCD_DrawLine_H	16	static
../Core/Src/lcd_spi_169.c:1021:6:LCD_DrawRect	56	static
../Core/Src/lcd_spi_169.c:1047:6:LCD_DrawCircle	72	static
../Core/Src/lcd_spi_169.c:1083:6:LCD_DrawEllipse	80	static
../Core/Src/lcd_spi_169.c:1147:6:LCD_FillCircle	64	static
../Core/Src/lcd_spi_169.c:1236:7:LCD_DrawImage	80	static
../Core/Src/lcd_spi_169.c:1346:19:LCD_SPI_WaitOnFlagUntilTimeout	32	static
../Core/Src/lcd_spi_169.c:1369:7:LCD_SPI_CloseTransfer	4	static
../Core/Src/lcd_spi_169.c:1432:19:LCD_SPI_Transmit	40	static
../Core/Src/lcd_spi_169.c:500:6:LCD_Clear	16	static
../Core/Src/lcd_spi_169.c:532:6:LCD_ClearRect	16	static
../Core/Src/lcd_spi_169.c:1202:6:LCD_FillRect	16	static
../Core/Src/lcd_spi_169.c:246:6:SPI_LCD_Init	48	static
../Core/Src/lcd_spi_169.c:1565:19:LCD_SPI_TransmitBuffer	32	static
../Core/Src/lcd_spi_169.c:1308:6:LCD_CopyBuffer	24	static
