../Core/Src/main.c:95:10:Get_TIM_CNT	1
../Core/Src/main.c:101:9:SDRAM_Test	8
../Core/Src/main.c:190:5:FATFS_Init	3
../Core/Src/main.c:213:5:SD_WriteByte	1
../Core/Src/main.c:232:5:SD_ReadByte	1
../Core/Src/main.c:252:5:SD_ReadFile	1
../Core/Src/main.c:269:5:SD_CreateDir	1
../Core/Src/main.c:281:6:FatFs_GetVolume	1
../Core/Src/main.c:318:6:lv_scr_init	1
../Core/Src/main.c:350:6:lv_ex_label	1
../Core/Src/main.c:429:6:HAL_TIM_PeriodElapsedCallback	2
../Core/Src/main.c:571:6:SystemClock_Config	4
../Core/Src/main.c:629:6:PeriphCommonClock_Config	2
../Core/Src/main.c:452:5:main	5
../Core/Src/main.c:715:6:Error_Handler	1
